=== INÍCIO R3 2026-09-03T12:53:03Z ===
--- R3-off-1 2026-09-03T12:53:03Z ---
[R3-off-1] lohra module = /Users/marcelusfernandes/Desktop/playground-ai/lohra-wt/reasoning-summary/backend/lohra/__init__.py
[R3-off-1] {"max_gap_before_text_s": 11.6, "mean_gap_before_text_s": 2.969, "expected_wait_before_text_s": 4.55, "events_before_text": 13, "on_reasoning_calls": 0, "tag": "turn1", "reasoning_kwarg": {"effort": "high"}, "replayed_reasoning_items": 0, "status": "completed", "error": null, "total_seconds": 52.88, "events": 911, "first_event_s": 0.88, "first_reasoning_s": null, "first_text_s": 36.51, "max_gap_s": 11.6, "p95_gap_s": 0.055, "median_gap_s": 0.014}
[R3-off-1] {"max_gap_before_text_s": 0.33, "mean_gap_before_text_s": 0.116, "expected_wait_before_text_s": 0.12, "events_before_text": 5, "on_reasoning_calls": 0, "tag": "turn2-replay", "reasoning_kwarg": {"effort": "high"}, "replayed_reasoning_items": 4, "status": "completed", "error": null, "total_seconds": 2.84, "events": 60, "first_event_s": 1.37, "first_reasoning_s": null, "first_text_s": 1.83, "max_gap_s": 0.33, "p95_gap_s": 0.108, "median_gap_s": 0.005, "captured_summary_parts_per_item": [0, 0, 0, 0]}
[R3-off-1] DONE
--- R3-auto-1 2026-09-03T12:53:59Z ---
[R3-auto-1] lohra module = /Users/marcelusfernandes/Desktop/playground-ai/lohra-wt/reasoning-summary/backend/lohra/__init__.py
[R3-auto-1] {"max_gap_before_text_s": 6.29, "mean_gap_before_text_s": 0.803, "expected_wait_before_text_s": 2.36, "events_before_text": 49, "on_reasoning_calls": 9, "tag": "turn1", "reasoning_kwarg": {"effort": "high", "summary": "auto"}, "replayed_reasoning_items": 0, "status": "completed", "error": null, "total_seconds": 54.64, "events": 913, "first_event_s": 0.96, "first_reasoning_s": 4.65, "first_text_s": 39.51, "max_gap_s": 6.29, "p95_gap_s": 0.046, "median_gap_s": 0.015}
[R3-auto-1] {"max_gap_before_text_s": 0.76, "mean_gap_before_text_s": 0.194, "expected_wait_before_text_s": 0.38, "events_before_text": 5, "on_reasoning_calls": 0, "tag": "turn2-replay", "reasoning_kwarg": {"effort": "high", "summary": "auto"}, "replayed_reasoning_items": 4, "status": "completed", "error": null, "total_seconds": 2.76, "events": 60, "first_event_s": 0.82, "first_reasoning_s": null, "first_text_s": 1.6, "max_gap_s": 0.76, "p95_gap_s": 0.09, "median_gap_s": 0.016, "captured_summary_parts_per_item": [3, 2, 2, 2]}
[R3-auto-1] DONE
--- R3-off-2 2026-09-03T12:54:57Z ---
[R3-off-2] lohra module = /Users/marcelusfernandes/Desktop/playground-ai/lohra-wt/reasoning-summary/backend/lohra/__init__.py
[R3-off-2] {"max_gap_before_text_s": 10.31, "mean_gap_before_text_s": 3.162, "expected_wait_before_text_s": 4.61, "events_before_text": 13, "on_reasoning_calls": 0, "tag": "turn1", "reasoning_kwarg": {"effort": "high"}, "replayed_reasoning_items": 0, "status": "completed", "error": null, "total_seconds": 55.72, "events": 940, "first_event_s": 0.92, "first_reasoning_s": null, "first_text_s": 38.87, "max_gap_s": 10.31, "p95_gap_s": 0.06, "median_gap_s": 0.015}
[R3-off-2] {"max_gap_before_text_s": 0.95, "mean_gap_before_text_s": 0.259, "expected_wait_before_text_s": 0.44, "events_before_text": 5, "on_reasoning_calls": 0, "tag": "turn2-replay", "reasoning_kwarg": {"effort": "high"}, "replayed_reasoning_items": 4, "status": "completed", "error": null, "total_seconds": 2.65, "events": 58, "first_event_s": 0.63, "first_reasoning_s": null, "first_text_s": 1.66, "max_gap_s": 0.95, "p95_gap_s": 0.149, "median_gap_s": 0.004, "captured_summary_parts_per_item": [0, 0, 0, 0]}
[R3-off-2] DONE
--- R3-auto-2 2026-09-03T12:55:57Z ---
[R3-auto-2] lohra module = /Users/marcelusfernandes/Desktop/playground-ai/lohra-wt/reasoning-summary/backend/lohra/__init__.py
[R3-auto-2] {"max_gap_before_text_s": 6.58, "mean_gap_before_text_s": 0.716, "expected_wait_before_text_s": 2.25, "events_before_text": 29, "on_reasoning_calls": 5, "tag": "turn1", "reasoning_kwarg": {"effort": "high", "summary": "auto"}, "replayed_reasoning_items": 0, "status": "completed", "error": null, "total_seconds": 36.81, "events": 932, "first_event_s": 0.97, "first_reasoning_s": 5.61, "first_text_s": 21.02, "max_gap_s": 6.58, "p95_gap_s": 0.047, "median_gap_s": 0.014}
[R3-auto-2] {"max_gap_before_text_s": 0.44, "mean_gap_before_text_s": 0.136, "expected_wait_before_text_s": 0.19, "events_before_text": 5, "on_reasoning_calls": 0, "tag": "turn2-replay", "reasoning_kwarg": {"effort": "high", "summary": "auto"}, "replayed_reasoning_items": 2, "status": "completed", "error": null, "total_seconds": 2.35, "events": 58, "first_event_s": 0.85, "first_reasoning_s": null, "first_text_s": 1.39, "max_gap_s": 0.44, "p95_gap_s": 0.094, "median_gap_s": 0.018, "captured_summary_parts_per_item": [3, 2]}
[R3-auto-2] DONE
--- R3-off-3 2026-09-03T12:56:37Z ---
[R3-off-3] lohra module = /Users/marcelusfernandes/Desktop/playground-ai/lohra-wt/reasoning-summary/backend/lohra/__init__.py
[R3-off-3] {"max_gap_before_text_s": 10.14, "mean_gap_before_text_s": 2.714, "expected_wait_before_text_s": 4.26, "events_before_text": 13, "on_reasoning_calls": 0, "tag": "turn1", "reasoning_kwarg": {"effort": "high"}, "replayed_reasoning_items": 0, "status": "completed", "error": null, "total_seconds": 49.92, "events": 923, "first_event_s": 0.81, "first_reasoning_s": null, "first_text_s": 33.38, "max_gap_s": 10.14, "p95_gap_s": 0.039, "median_gap_s": 0.018}
[R3-off-3] {"max_gap_before_text_s": 0.46, "mean_gap_before_text_s": 0.12, "expected_wait_before_text_s": 0.22, "events_before_text": 5, "on_reasoning_calls": 0, "tag": "turn2-replay", "reasoning_kwarg": {"effort": "high"}, "replayed_reasoning_items": 4, "status": "completed", "error": null, "total_seconds": 2.47, "events": 54, "first_event_s": 0.98, "first_reasoning_s": null, "first_text_s": 1.46, "max_gap_s": 0.46, "p95_gap_s": 0.152, "median_gap_s": 0.004, "captured_summary_parts_per_item": [0, 0, 0, 0]}
[R3-off-3] DONE
--- R3-auto-3 2026-09-03T12:57:30Z ---
[R3-auto-3] lohra module = /Users/marcelusfernandes/Desktop/playground-ai/lohra-wt/reasoning-summary/backend/lohra/__init__.py
[R3-auto-3] {"max_gap_before_text_s": 6.85, "mean_gap_before_text_s": 0.769, "expected_wait_before_text_s": 2.42, "events_before_text": 39, "on_reasoning_calls": 7, "tag": "turn1", "reasoning_kwarg": {"effort": "high", "summary": "auto"}, "replayed_reasoning_items": 0, "status": "EXCEPTION", "error": "RemoteProtocolError: peer closed connection without sending complete message body (incomplete chunked read)", "total_seconds": 46.52, "events": 897, "first_event_s": 0.83, "first_reasoning_s": 4.56, "first_text_s": 30.06, "max_gap_s": 6.85, "p95_gap_s": 0.045, "median_gap_s": 0.017}
[R3-auto-3] {"tag": "turn2-replay", "skipped": "turn1 n\u00e3o produziu resposta"}
[R3-auto-3] DONE
=== FIM R3 2026-09-03T12:58:17Z ===
